Archive member included to satisfy reference by file (symbol)

c:/program files (x86)/atmel/studio/7.0/toolchain/avr8/avr8-gnu-toolchain/bin/../lib/gcc/avr/5.4.0/avr5\libgcc.a(_exit.o)
                              C:/Program Files (x86)/Atmel/Studio/7.0/Packs/atmel/ATmega_DFP/1.7.374/gcc/dev/atmega32a/avr5/crtatmega32a.o (exit)
c:/program files (x86)/atmel/studio/7.0/toolchain/avr8/avr8-gnu-toolchain/bin/../lib/gcc/avr/5.4.0/avr5\libgcc.a(_clear_bss.o)
                              APPLICATION/application.o (__do_clear_bss)

Allocating common symbols
Common symbol       size              file

state               0x1               APPLICATION/application.o
mode                0x1               APPLICATION/application.o

Discarded input sections

 .data          0x00000000        0x0 C:/Program Files (x86)/Atmel/Studio/7.0/Packs/atmel/ATmega_DFP/1.7.374/gcc/dev/atmega32a/avr5/crtatmega32a.o
 .bss           0x00000000        0x0 C:/Program Files (x86)/Atmel/Studio/7.0/Packs/atmel/ATmega_DFP/1.7.374/gcc/dev/atmega32a/avr5/crtatmega32a.o
 .text          0x00000000        0x0 APPLICATION/application.o
 .data          0x00000000        0x0 APPLICATION/application.o
 .bss           0x00000000        0x0 APPLICATION/application.o
 .bss.buttonState
                0x00000000        0x1 APPLICATION/application.o
 COMMON         0x00000000        0x2 APPLICATION/application.o
 .text          0x00000000        0x0 HAL/Button Driver/button.o
 .data          0x00000000        0x0 HAL/Button Driver/button.o
 .bss           0x00000000        0x0 HAL/Button Driver/button.o
 .text          0x00000000        0x0 HAL/LED driver/led.o
 .data          0x00000000        0x0 HAL/LED driver/led.o
 .bss           0x00000000        0x0 HAL/LED driver/led.o
 .text          0x00000000        0x0 main.o
 .data          0x00000000        0x0 main.o
 .bss           0x00000000        0x0 main.o
 .text          0x00000000        0x0 MCAL/DIO Driver/dio.o
 .data          0x00000000        0x0 MCAL/DIO Driver/dio.o
 .bss           0x00000000        0x0 MCAL/DIO Driver/dio.o
 .text          0x00000000        0x0 MCAL/Interrupt Driver/interrupt.o
 .data          0x00000000        0x0 MCAL/Interrupt Driver/interrupt.o
 .bss           0x00000000        0x0 MCAL/Interrupt Driver/interrupt.o
 .text          0x00000000        0x0 MCAL/Timer Driver/timers.o
 .data          0x00000000        0x0 MCAL/Timer Driver/timers.o
 .bss           0x00000000        0x0 MCAL/Timer Driver/timers.o
 .text          0x00000000        0x0 c:/program files (x86)/atmel/studio/7.0/toolchain/avr8/avr8-gnu-toolchain/bin/../lib/gcc/avr/5.4.0/avr5\libgcc.a(_exit.o)
 .data          0x00000000        0x0 c:/program files (x86)/atmel/studio/7.0/toolchain/avr8/avr8-gnu-toolchain/bin/../lib/gcc/avr/5.4.0/avr5\libgcc.a(_exit.o)
 .bss           0x00000000        0x0 c:/program files (x86)/atmel/studio/7.0/toolchain/avr8/avr8-gnu-toolchain/bin/../lib/gcc/avr/5.4.0/avr5\libgcc.a(_exit.o)
 .text.libgcc.mul
                0x00000000        0x0 c:/program files (x86)/atmel/studio/7.0/toolchain/avr8/avr8-gnu-toolchain/bin/../lib/gcc/avr/5.4.0/avr5\libgcc.a(_exit.o)
 .text.libgcc.div
                0x00000000        0x0 c:/program files (x86)/atmel/studio/7.0/toolchain/avr8/avr8-gnu-toolchain/bin/../lib/gcc/avr/5.4.0/avr5\libgcc.a(_exit.o)
 .text.libgcc   0x00000000        0x0 c:/program files (x86)/atmel/studio/7.0/toolchain/avr8/avr8-gnu-toolchain/bin/../lib/gcc/avr/5.4.0/avr5\libgcc.a(_exit.o)
 .text.libgcc.prologue
                0x00000000        0x0 c:/program files (x86)/atmel/studio/7.0/toolchain/avr8/avr8-gnu-toolchain/bin/../lib/gcc/avr/5.4.0/avr5\libgcc.a(_exit.o)
 .text.libgcc.builtins
                0x00000000        0x0 c:/program files (x86)/atmel/studio/7.0/toolchain/avr8/avr8-gnu-toolchain/bin/../lib/gcc/avr/5.4.0/avr5\libgcc.a(_exit.o)
 .text.libgcc.fmul
                0x00000000        0x0 c:/program files (x86)/atmel/studio/7.0/toolchain/avr8/avr8-gnu-toolchain/bin/../lib/gcc/avr/5.4.0/avr5\libgcc.a(_exit.o)
 .text.libgcc.fixed
                0x00000000        0x0 c:/program files (x86)/atmel/studio/7.0/toolchain/avr8/avr8-gnu-toolchain/bin/../lib/gcc/avr/5.4.0/avr5\libgcc.a(_exit.o)
 .text          0x00000000        0x0 c:/program files (x86)/atmel/studio/7.0/toolchain/avr8/avr8-gnu-toolchain/bin/../lib/gcc/avr/5.4.0/avr5\libgcc.a(_clear_bss.o)
 .data          0x00000000        0x0 c:/program files (x86)/atmel/studio/7.0/toolchain/avr8/avr8-gnu-toolchain/bin/../lib/gcc/avr/5.4.0/avr5\libgcc.a(_clear_bss.o)
 .bss           0x00000000        0x0 c:/program files (x86)/atmel/studio/7.0/toolchain/avr8/avr8-gnu-toolchain/bin/../lib/gcc/avr/5.4.0/avr5\libgcc.a(_clear_bss.o)
 .text.libgcc.mul
                0x00000000        0x0 c:/program files (x86)/atmel/studio/7.0/toolchain/avr8/avr8-gnu-toolchain/bin/../lib/gcc/avr/5.4.0/avr5\libgcc.a(_clear_bss.o)
 .text.libgcc.div
                0x00000000        0x0 c:/program files (x86)/atmel/studio/7.0/toolchain/avr8/avr8-gnu-toolchain/bin/../lib/gcc/avr/5.4.0/avr5\libgcc.a(_clear_bss.o)
 .text.libgcc   0x00000000        0x0 c:/program files (x86)/atmel/studio/7.0/toolchain/avr8/avr8-gnu-toolchain/bin/../lib/gcc/avr/5.4.0/avr5\libgcc.a(_clear_bss.o)
 .text.libgcc.prologue
                0x00000000        0x0 c:/program files (x86)/atmel/studio/7.0/toolchain/avr8/avr8-gnu-toolchain/bin/../lib/gcc/avr/5.4.0/avr5\libgcc.a(_clear_bss.o)
 .text.libgcc.builtins
                0x00000000        0x0 c:/program files (x86)/atmel/studio/7.0/toolchain/avr8/avr8-gnu-toolchain/bin/../lib/gcc/avr/5.4.0/avr5\libgcc.a(_clear_bss.o)
 .text.libgcc.fmul
                0x00000000        0x0 c:/program files (x86)/atmel/studio/7.0/toolchain/avr8/avr8-gnu-toolchain/bin/../lib/gcc/avr/5.4.0/avr5\libgcc.a(_clear_bss.o)
 .text.libgcc.fixed
                0x00000000        0x0 c:/program files (x86)/atmel/studio/7.0/toolchain/avr8/avr8-gnu-toolchain/bin/../lib/gcc/avr/5.4.0/avr5\libgcc.a(_clear_bss.o)

Memory Configuration

Name             Origin             Length             Attributes
text             0x00000000         0x00008000         xr
data             0x00800060         0x00000800         rw !x
eeprom           0x00810000         0x00000400         rw !x
fuse             0x00820000         0x00000002         rw !x
lock             0x00830000         0x00000400         rw !x
signature        0x00840000         0x00000400         rw !x
user_signatures  0x00850000         0x00000400         rw !x
*default*        0x00000000         0xffffffff

Linker script and memory map

LOAD C:/Program Files (x86)/Atmel/Studio/7.0/Packs/atmel/ATmega_DFP/1.7.374/gcc/dev/atmega32a/avr5/crtatmega32a.o
LOAD APPLICATION/application.o
LOAD HAL/Button Driver/button.o
LOAD HAL/LED driver/led.o
LOAD main.o
LOAD MCAL/DIO Driver/dio.o
LOAD MCAL/Interrupt Driver/interrupt.o
LOAD MCAL/Timer Driver/timers.o
START GROUP
LOAD c:/program files (x86)/atmel/studio/7.0/toolchain/avr8/avr8-gnu-toolchain/bin/../lib/gcc/avr/5.4.0/../../../../avr/lib/avr5\libm.a
END GROUP
START GROUP
LOAD c:/program files (x86)/atmel/studio/7.0/toolchain/avr8/avr8-gnu-toolchain/bin/../lib/gcc/avr/5.4.0/avr5\libgcc.a
LOAD c:/program files (x86)/atmel/studio/7.0/toolchain/avr8/avr8-gnu-toolchain/bin/../lib/gcc/avr/5.4.0/../../../../avr/lib/avr5\libm.a
LOAD c:/program files (x86)/atmel/studio/7.0/toolchain/avr8/avr8-gnu-toolchain/bin/../lib/gcc/avr/5.4.0/../../../../avr/lib/avr5\libc.a
LOAD C:/Program Files (x86)/Atmel/Studio/7.0/Packs/atmel/ATmega_DFP/1.7.374/gcc/dev/atmega32a/avr5\libatmega32a.a
END GROUP
                [0x00000000]                __TEXT_REGION_ORIGIN__ = DEFINED (__TEXT_REGION_ORIGIN__)?__TEXT_REGION_ORIGIN__:0x0
                [0x00800060]                __DATA_REGION_ORIGIN__ = DEFINED (__DATA_REGION_ORIGIN__)?__DATA_REGION_ORIGIN__:0x800060
                [0x00008000]                __TEXT_REGION_LENGTH__ = DEFINED (__TEXT_REGION_LENGTH__)?__TEXT_REGION_LENGTH__:0x20000
                [0x00000800]                __DATA_REGION_LENGTH__ = DEFINED (__DATA_REGION_LENGTH__)?__DATA_REGION_LENGTH__:0xffa0
                [0x00000400]                __EEPROM_REGION_LENGTH__ = DEFINED (__EEPROM_REGION_LENGTH__)?__EEPROM_REGION_LENGTH__:0x10000
                [0x00000002]                __FUSE_REGION_LENGTH__ = DEFINED (__FUSE_REGION_LENGTH__)?__FUSE_REGION_LENGTH__:0x400
                0x00000400                __LOCK_REGION_LENGTH__ = DEFINED (__LOCK_REGION_LENGTH__)?__LOCK_REGION_LENGTH__:0x400
                0x00000400                __SIGNATURE_REGION_LENGTH__ = DEFINED (__SIGNATURE_REGION_LENGTH__)?__SIGNATURE_REGION_LENGTH__:0x400
                0x00000400                __USER_SIGNATURE_REGION_LENGTH__ = DEFINED (__USER_SIGNATURE_REGION_LENGTH__)?__USER_SIGNATURE_REGION_LENGTH__:0x400

.hash
 *(.hash)

.dynsym
 *(.dynsym)

.dynstr
 *(.dynstr)

.gnu.version
 *(.gnu.version)

.gnu.version_d
 *(.gnu.version_d)

.gnu.version_r
 *(.gnu.version_r)

.rel.init
 *(.rel.init)

.rela.init
 *(.rela.init)

.rel.text
 *(.rel.text)
 *(.rel.text.*)
 *(.rel.gnu.linkonce.t*)

.rela.text
 *(.rela.text)
 *(.rela.text.*)
 *(.rela.gnu.linkonce.t*)

.rel.fini
 *(.rel.fini)

.rela.fini
 *(.rela.fini)

.rel.rodata
 *(.rel.rodata)
 *(.rel.rodata.*)
 *(.rel.gnu.linkonce.r*)

.rela.rodata
 *(.rela.rodata)
 *(.rela.rodata.*)
 *(.rela.gnu.linkonce.r*)

.rel.data
 *(.rel.data)
 *(.rel.data.*)
 *(.rel.gnu.linkonce.d*)

.rela.data
 *(.rela.data)
 *(.rela.data.*)
 *(.rela.gnu.linkonce.d*)

.rel.ctors
 *(.rel.ctors)

.rela.ctors
 *(.rela.ctors)

.rel.dtors
 *(.rel.dtors)

.rela.dtors
 *(.rela.dtors)

.rel.got
 *(.rel.got)

.rela.got
 *(.rela.got)

.rel.bss
 *(.rel.bss)

.rela.bss
 *(.rela.bss)

.rel.plt
 *(.rel.plt)

.rela.plt
 *(.rela.plt)

.text           0x00000000      0x922
 *(.vectors)
 .vectors       0x00000000       0x54 C:/Program Files (x86)/Atmel/Studio/7.0/Packs/atmel/ATmega_DFP/1.7.374/gcc/dev/atmega32a/avr5/crtatmega32a.o
                0x00000000                __vector_default
                0x00000000                __vectors
 *(.vectors)
 *(.progmem.gcc*)
                0x00000054                . = ALIGN (0x2)
                0x00000054                __trampolines_start = .
 *(.trampolines)
 .trampolines   0x00000054        0x0 linker stubs
 *(.trampolines*)
                0x00000054                __trampolines_end = .
 *libprintf_flt.a:*(.progmem.data)
 *libc.a:*(.progmem.data)
 *(.progmem*)
                0x00000054                . = ALIGN (0x2)
 *(.jumptables)
 *(.jumptables*)
 *(.lowtext)
 *(.lowtext*)
                0x00000054                __ctors_start = .
 *(.ctors)
                0x00000054                __ctors_end = .
                0x00000054                __dtors_start = .
 *(.dtors)
                0x00000054                __dtors_end = .
 SORT(*)(.ctors)
 SORT(*)(.dtors)
 *(.init0)
 .init0         0x00000054        0x0 C:/Program Files (x86)/Atmel/Studio/7.0/Packs/atmel/ATmega_DFP/1.7.374/gcc/dev/atmega32a/avr5/crtatmega32a.o
                0x00000054                __init
 *(.init0)
 *(.init1)
 *(.init1)
 *(.init2)
 .init2         0x00000054        0xc C:/Program Files (x86)/Atmel/Studio/7.0/Packs/atmel/ATmega_DFP/1.7.374/gcc/dev/atmega32a/avr5/crtatmega32a.o
 *(.init2)
 *(.init3)
 *(.init3)
 *(.init4)
 .init4         0x00000060       0x10 c:/program files (x86)/atmel/studio/7.0/toolchain/avr8/avr8-gnu-toolchain/bin/../lib/gcc/avr/5.4.0/avr5\libgcc.a(_clear_bss.o)
                0x00000060                __do_clear_bss
 *(.init4)
 *(.init5)
 *(.init5)
 *(.init6)
 *(.init6)
 *(.init7)
 *(.init7)
 *(.init8)
 *(.init8)
 *(.init9)
 .init9         0x00000070        0x8 C:/Program Files (x86)/Atmel/Studio/7.0/Packs/atmel/ATmega_DFP/1.7.374/gcc/dev/atmega32a/avr5/crtatmega32a.o
 *(.init9)
 *(.text)
 .text          0x00000078        0x4 C:/Program Files (x86)/Atmel/Studio/7.0/Packs/atmel/ATmega_DFP/1.7.374/gcc/dev/atmega32a/avr5/crtatmega32a.o
                0x00000078                __vector_12
                0x00000078                __bad_interrupt
                0x00000078                __vector_6
                0x00000078                __vector_3
                0x00000078                __vector_11
                0x00000078                __vector_13
                0x00000078                __vector_17
                0x00000078                __vector_19
                0x00000078                __vector_7
                0x00000078                __vector_5
                0x00000078                __vector_4
                0x00000078                __vector_9
                0x00000078                __vector_2
                0x00000078                __vector_15
                0x00000078                __vector_8
                0x00000078                __vector_14
                0x00000078                __vector_10
                0x00000078                __vector_16
                0x00000078                __vector_18
                0x00000078                __vector_20
                0x0000007c                . = ALIGN (0x2)
 *(.text.*)
 .text.setupMode
                0x0000007c       0x42 APPLICATION/application.o
                0x0000007c                setupMode
 .text.pedPass  0x000000be       0x3e APPLICATION/application.o
                0x000000be                pedPass
 .text.carPass  0x000000fc       0x3e APPLICATION/application.o
                0x000000fc                carPass
 .text.yellowBlink
                0x0000013a      0x218 APPLICATION/application.o
                0x0000013a                yellowBlink
 .text.normalMode
                0x00000352       0x26 APPLICATION/application.o
                0x00000352                normalMode
 .text.buttonInit
                0x00000378        0x8 HAL/Button Driver/button.o
                0x00000378                buttonInit
 .text.buttonRead
                0x00000380        0x6 HAL/Button Driver/button.o
                0x00000380                buttonRead
 .text.ledInit  0x00000386        0x8 HAL/LED driver/led.o
                0x00000386                ledInit
 .text.ledON    0x0000038e        0x8 HAL/LED driver/led.o
                0x0000038e                ledON
 .text.ledOFF   0x00000396        0x8 HAL/LED driver/led.o
                0x00000396                ledOFF
 .text.ledToggle
                0x0000039e        0x6 HAL/LED driver/led.o
                0x0000039e                ledToggle
 .text.__vector_1
                0x000003a4       0xb6 main.o
                0x000003a4                __vector_1
 .text.main     0x0000045a       0x9e main.o
                0x0000045a                main
 .text.dioInit  0x000004f8       0xf0 MCAL/DIO Driver/dio.o
                0x000004f8                dioInit
 .text.dioWrite
                0x000005e8       0xf0 MCAL/DIO Driver/dio.o
                0x000005e8                dioWrite
 .text.dioToggle
                0x000006d8       0x6e MCAL/DIO Driver/dio.o
                0x000006d8                dioToggle
 .text.dioRead  0x00000746       0xc8 MCAL/DIO Driver/dio.o
                0x00000746                dioRead
 .text.interruptInit
                0x0000080e       0x1c MCAL/Interrupt Driver/interrupt.o
                0x0000080e                interruptInit
 .text.timerInit
                0x0000082a        0xa MCAL/Timer Driver/timers.o
                0x0000082a                timerInit
 .text.timerStart0
                0x00000834       0x74 MCAL/Timer Driver/timers.o
                0x00000834                timerStart0
 .text.timerStop0
                0x000008a8        0x4 MCAL/Timer Driver/timers.o
                0x000008a8                timerStop0
 .text.timer0Set
                0x000008ac       0x2c MCAL/Timer Driver/timers.o
                0x000008ac                timer0Set
 .text.timer1Set
                0x000008d8       0x46 MCAL/Timer Driver/timers.o
                0x000008d8                timer1Set
                0x0000091e                . = ALIGN (0x2)
 *(.fini9)
 .fini9         0x0000091e        0x0 c:/program files (x86)/atmel/studio/7.0/toolchain/avr8/avr8-gnu-toolchain/bin/../lib/gcc/avr/5.4.0/avr5\libgcc.a(_exit.o)
                0x0000091e                _exit
                0x0000091e                exit
 *(.fini9)
 *(.fini8)
 *(.fini8)
 *(.fini7)
 *(.fini7)
 *(.fini6)
 *(.fini6)
 *(.fini5)
 *(.fini5)
 *(.fini4)
 *(.fini4)
 *(.fini3)
 *(.fini3)
 *(.fini2)
 *(.fini2)
 *(.fini1)
 *(.fini1)
 *(.fini0)
 .fini0         0x0000091e        0x4 c:/program files (x86)/atmel/studio/7.0/toolchain/avr8/avr8-gnu-toolchain/bin/../lib/gcc/avr/5.4.0/avr5\libgcc.a(_exit.o)
 *(.fini0)
                0x00000922                _etext = .

.data           0x00800060        0x0 load address 0x00000922
                [!provide]                PROVIDE (__data_start, .)
 *(.data)
 *(.data*)
 *(.gnu.linkonce.d*)
 *(.rodata)
 *(.rodata*)
 *(.gnu.linkonce.r*)
                0x00800060                . = ALIGN (0x2)
                0x00800060                _edata = .
                [!provide]                PROVIDE (__data_end, .)

.bss            0x00800060        0x4
                0x00800060                PROVIDE (__bss_start, .)
 *(.bss)
 *(.bss*)
 .bss.trafficState
                0x00800060        0x2 APPLICATION/application.o
                0x00800060                trafficState
 .bss.testMode  0x00800062        0x2 main.o
                0x00800062                testMode
 *(COMMON)
                0x00800064                PROVIDE (__bss_end, .)
                0x00000922                __data_load_start = LOADADDR (.data)
                0x00000922                __data_load_end = (__data_load_start + SIZEOF (.data))

.noinit         0x00800064        0x0
                [!provide]                PROVIDE (__noinit_start, .)
 *(.noinit*)
                [!provide]                PROVIDE (__noinit_end, .)
                0x00800064                _end = .
                [!provide]                PROVIDE (__heap_start, .)

.eeprom         0x00810000        0x0
 *(.eeprom*)
                0x00810000                __eeprom_end = .

.fuse
 *(.fuse)
 *(.lfuse)
 *(.hfuse)
 *(.efuse)

.lock
 *(.lock*)

.signature
 *(.signature*)

.user_signatures
 *(.user_signatures*)

.stab
 *(.stab)

.stabstr
 *(.stabstr)

.stab.excl
 *(.stab.excl)

.stab.exclstr
 *(.stab.exclstr)

.stab.index
 *(.stab.index)

.stab.indexstr
 *(.stab.indexstr)

.comment        0x00000000       0x30
 *(.comment)
 .comment       0x00000000       0x30 APPLICATION/application.o
                                 0x31 (size before relaxing)
 .comment       0x00000030       0x31 HAL/Button Driver/button.o
 .comment       0x00000030       0x31 HAL/LED driver/led.o
 .comment       0x00000030       0x31 main.o
 .comment       0x00000030       0x31 MCAL/DIO Driver/dio.o
 .comment       0x00000030       0x31 MCAL/Interrupt Driver/interrupt.o
 .comment       0x00000030       0x31 MCAL/Timer Driver/timers.o

.note.gnu.avr.deviceinfo
                0x00000000       0x3c
 .note.gnu.avr.deviceinfo
                0x00000000       0x3c C:/Program Files (x86)/Atmel/Studio/7.0/Packs/atmel/ATmega_DFP/1.7.374/gcc/dev/atmega32a/avr5/crtatmega32a.o

.note.gnu.build-id
 *(.note.gnu.build-id)

.debug
 *(.debug)

.line
 *(.line)

.debug_srcinfo
 *(.debug_srcinfo)

.debug_sfnames
 *(.debug_sfnames)

.debug_aranges  0x00000000      0x160
 *(.debug_aranges)
 .debug_aranges
                0x00000000       0x40 APPLICATION/application.o
 .debug_aranges
                0x00000040       0x28 HAL/Button Driver/button.o
 .debug_aranges
                0x00000068       0x38 HAL/LED driver/led.o
 .debug_aranges
                0x000000a0       0x28 main.o
 .debug_aranges
                0x000000c8       0x38 MCAL/DIO Driver/dio.o
 .debug_aranges
                0x00000100       0x20 MCAL/Interrupt Driver/interrupt.o
 .debug_aranges
                0x00000120       0x40 MCAL/Timer Driver/timers.o

.debug_pubnames
 *(.debug_pubnames)

.debug_info     0x00000000     0x1920
 *(.debug_info .gnu.linkonce.wi.*)
 .debug_info    0x00000000      0x4e6 C:/Program Files (x86)/Atmel/Studio/7.0/Packs/atmel/ATmega_DFP/1.7.374/gcc/dev/atmega32a/avr5/crtatmega32a.o
 .debug_info    0x000004e6      0x8c4 APPLICATION/application.o
 .debug_info    0x00000daa      0x171 HAL/Button Driver/button.o
 .debug_info    0x00000f1b      0x209 HAL/LED driver/led.o
 .debug_info    0x00001124      0x402 main.o
 .debug_info    0x00001526      0x19d MCAL/DIO Driver/dio.o
 .debug_info    0x000016c3       0xa5 MCAL/Interrupt Driver/interrupt.o
 .debug_info    0x00001768      0x1b8 MCAL/Timer Driver/timers.o

.debug_abbrev   0x00000000      0x9f2
 *(.debug_abbrev)
 .debug_abbrev  0x00000000      0x4a3 C:/Program Files (x86)/Atmel/Studio/7.0/Packs/atmel/ATmega_DFP/1.7.374/gcc/dev/atmega32a/avr5/crtatmega32a.o
 .debug_abbrev  0x000004a3       0xfe APPLICATION/application.o
 .debug_abbrev  0x000005a1       0xb0 HAL/Button Driver/button.o
 .debug_abbrev  0x00000651       0xa7 HAL/LED driver/led.o
 .debug_abbrev  0x000006f8      0x105 main.o
 .debug_abbrev  0x000007fd       0x96 MCAL/DIO Driver/dio.o
 .debug_abbrev  0x00000893       0x6d MCAL/Interrupt Driver/interrupt.o
 .debug_abbrev  0x00000900       0xf2 MCAL/Timer Driver/timers.o

.debug_line     0x00000000      0xcae
 *(.debug_line .debug_line.* .debug_line_end)
 .debug_line    0x00000000      0x116 C:/Program Files (x86)/Atmel/Studio/7.0/Packs/atmel/ATmega_DFP/1.7.374/gcc/dev/atmega32a/avr5/crtatmega32a.o
 .debug_line    0x00000116      0x426 APPLICATION/application.o
 .debug_line    0x0000053c       0x9b HAL/Button Driver/button.o
 .debug_line    0x000005d7       0xbe HAL/LED driver/led.o
 .debug_line    0x00000695      0x1dc main.o
 .debug_line    0x00000871      0x1d6 MCAL/DIO Driver/dio.o
 .debug_line    0x00000a47       0xa8 MCAL/Interrupt Driver/interrupt.o
 .debug_line    0x00000aef      0x1bf MCAL/Timer Driver/timers.o

.debug_frame    0x00000000      0x260
 *(.debug_frame)
 .debug_frame   0x00000000       0x70 APPLICATION/application.o
 .debug_frame   0x00000070       0x34 HAL/Button Driver/button.o
 .debug_frame   0x000000a4       0x54 HAL/LED driver/led.o
 .debug_frame   0x000000f8       0x8c main.o
 .debug_frame   0x00000184       0x54 MCAL/DIO Driver/dio.o
 .debug_frame   0x000001d8       0x24 MCAL/Interrupt Driver/interrupt.o
 .debug_frame   0x000001fc       0x64 MCAL/Timer Driver/timers.o

.debug_str      0x00000000      0x50f
 *(.debug_str)
 .debug_str     0x00000000      0x196 C:/Program Files (x86)/Atmel/Studio/7.0/Packs/atmel/ATmega_DFP/1.7.374/gcc/dev/atmega32a/avr5/crtatmega32a.o
 .debug_str     0x00000196      0x201 APPLICATION/application.o
 .debug_str     0x00000397       0x54 HAL/Button Driver/button.o
                                0x18b (size before relaxing)
 .debug_str     0x000003eb       0x3a HAL/LED driver/led.o
                                0x18d (size before relaxing)
 .debug_str     0x00000425       0x25 main.o
                                0x201 (size before relaxing)
 .debug_str     0x0000044a       0x32 MCAL/DIO Driver/dio.o
                                0x187 (size before relaxing)
 .debug_str     0x0000047c       0x25 MCAL/Interrupt Driver/interrupt.o
                                0x15f (size before relaxing)
 .debug_str     0x000004a1       0x6e MCAL/Timer Driver/timers.o
                                0x1b8 (size before relaxing)

.debug_loc      0x00000000      0x8a6
 *(.debug_loc)
 .debug_loc     0x00000000      0x21f APPLICATION/application.o
 .debug_loc     0x0000021f       0xaa HAL/Button Driver/button.o
 .debug_loc     0x000002c9      0x108 HAL/LED driver/led.o
 .debug_loc     0x000003d1      0x113 main.o
 .debug_loc     0x000004e4      0x278 MCAL/DIO Driver/dio.o
 .debug_loc     0x0000075c      0x14a MCAL/Timer Driver/timers.o

.debug_macinfo
 *(.debug_macinfo)

.debug_weaknames
 *(.debug_weaknames)

.debug_funcnames
 *(.debug_funcnames)

.debug_typenames
 *(.debug_typenames)

.debug_varnames
 *(.debug_varnames)

.debug_pubtypes
 *(.debug_pubtypes)

.debug_ranges   0x00000000       0xf0
 *(.debug_ranges)
 .debug_ranges  0x00000000       0x30 APPLICATION/application.o
 .debug_ranges  0x00000030       0x18 HAL/Button Driver/button.o
 .debug_ranges  0x00000048       0x28 HAL/LED driver/led.o
 .debug_ranges  0x00000070       0x18 main.o
 .debug_ranges  0x00000088       0x28 MCAL/DIO Driver/dio.o
 .debug_ranges  0x000000b0       0x10 MCAL/Interrupt Driver/interrupt.o
 .debug_ranges  0x000000c0       0x30 MCAL/Timer Driver/timers.o

.debug_macro
 *(.debug_macro)
OUTPUT(FWD Traffic Light Project.elf elf32-avr)
LOAD linker stubs
